================================================================================
PLATFORM CLUSTER PHASE 1.4 COMPLETION STATUS CHECK
================================================================================
Date: April 11, 2026
Time: 11:15:45 UTC
Check ID: status-check-20260411111545

================================================================================
SECTION 1: PHASE 1.4 - NGINX INGRESS CONTROLLER INSTALLATION
================================================================================
✅ PHASE 1.4 SUCCESSFULLY COMPLETED

Installation Method: Helm Chart (NGINX Ingress Controller)
Chart Repository: ingress-nginx
Chart Version: Latest
Namespace: platform-system

Installation Command:
$ helm upgrade --install ingress-nginx ingress-nginx/ingress-nginx \
    -f platform/ingress/values.yaml \
    --namespace platform-system

================================================================================
SECTION 2: DEPLOYMENT STATUS
================================================================================
✅ Deployment Health: OPERATIONAL

Deployment Summary:
┌────────────────────────┬───────┬────────────┬───────────┬─────┐
│ Deployment Name        │ Ready │ Up-to-Date │ Available │ Age │
├────────────────────────┼───────┼────────────┼───────────┼─────┤
│ ingress-nginx-control  │ 1/1   │ 1          │ 1         │ 4m  │
└────────────────────────┴───────┴────────────┴───────────┴─────┘

Pod Status:
├─ ingress-nginx-controller-669bb8d68c-gnz4w .... RUNNING ✅
└─ ingress-nginx-admission-patch-m6ngq ........ RUNNING ✅

Pod Readiness: ✅ ALL PODS READY

================================================================================
SECTION 3: SERVICE & PORT MAPPING VERIFICATION
================================================================================
✅ Service Configuration: CORRECT

Service Details:
Name: ingress-nginx-controller
Type: NodePort
Namespace: platform-system
Cluster-IP: 10.43.171.50
External-IP: <none> (NodePort service)

Port Mappings:
├─ HTTP  Port Mapping:  80:30080/TCP
│  └─ External Access: http://localhost:8080 (via cluster-config proxy)
│  └─ Internal Port: 30080
│  └─ Status: ✅ OPERATIONAL
│
└─ HTTPS Port Mapping: 443:30443/TCP
   └─ External Access: https://localhost:8443 (via cluster-config proxy)
   └─ Internal Port: 30443
   └─ Status: ✅ OPERATIONAL

Port Alignment with Cluster Config:
├─ Cluster-config defines: 8080:30080 (HTTP)  ✅ MATCHES
├─ Cluster-config defines: 8443:30443 (HTTPS) ✅ MATCHES
└─ values.yaml defines: nodePorts http:30080, https:30443 ✅ MATCHES

================================================================================
SECTION 4: NGINX RESOURCE USAGE
================================================================================
Resource Consumption (Current):
├─ Container: ingress-nginx-controller-669bb8d68c-gnz4w
│  ├─ CPU Usage: Low (< 50m)
│  ├─ Memory Usage: ~50 MiB
│  └─ Status: ✅ HEALTHY
│
├─ Container: ingress-nginx-admission-patch-m6ngq
│  ├─ CPU Usage: < 10m
│  ├─ Memory Usage: ~20 MiB
│  └─ Status: ✅ HEALTHY
│
└─ Total NGINX Resources: ~70 MiB (1.9% of 3.711 GiB limit)

System Resources After NGINX:
├─ Total Docker Memory Usage: ~890 MiB (24% of 3.711 GiB)
├─ Available for Next Components: ~2.8 GiB ✅ SUFFICIENT
└─ Status: ✅ HEALTHY

================================================================================
SECTION 5: INGRESSCLASS VERIFICATION
================================================================================
✅ Ingress Class: CONFIGURED

IngressClass Name: nginx
Scope: Cluster-wide
Default: true (will handle all Ingress resources without explicit class)

ConfigMap:
Name: ingress-nginx-controller
Context: Contains NGINX configuration

================================================================================
SECTION 6: VALUES.YAML ANALYSIS - ALL COMPONENTS
================================================================================

✅ NGINX Ingress (platform/ingress/values.yaml)
└─ Status: APPROVED
└─ Port Config: CORRECT (30080, 30443)
└─ Recommendation: Optional - Add resource limits & metrics
└─ Ready for: Production component deployments

⚠️ Prometheus (platform/observability/prometheus/values.yaml)
├─ Status: INCOMPLETE - Needs Enhancement
├─ Issues Found:
│  ├─ ❌ No persistent storage (data lost on restart)
│  ├─ ❌ No resource limits
│  ├─ ❌ No retention policy
│  ├─ ❌ No scrape job configurations
│  └─ ❌ No ingress configuration
├─ Priority: HIGH
└─ Documentation: See docs/values-yaml-recommendations.md

⚠️ Grafana (platform/observability/grafana/values.yaml)
├─ Status: INCOMPLETE - Needs Enhancement
├─ Issues Found:
│  ├─ ❌ No admin password configuration (insecure defaults)
│  ├─ ❌ No datasources configured
│  ├─ ❌ No resource limits
│  ├─ ❌ No Prometheus datasource
│  └─ ❌ Storage size may be insufficient (1Gi)
├─ Priority: HIGH
└─ Documentation: See docs/values-yaml-recommendations.md

⚠️ Rancher (platform/rancher/values.yaml)
├─ Status: INCOMPLETE - Needs Enhancement
├─ Issues Found:
│  ├─ ⚠️ Hostname 'rancher.local' requires /etc/hosts entry
│  ├─ ❌ No TLS certificate configuration
│  ├─ ❌ No bootstrap password
│  ├─ ❌ No resource limits
│  └─ ❌ No ingress configuration
├─ Priority: HIGH
└─ Documentation: See docs/values-yaml-recommendations.md

⚠️ Kafka Strimzi (platform/kafka-strimzi/values.yaml)
├─ Status: INCOMPLETE - Needs Enhancement
├─ Issues Found:
│  ├─ ⚠️ Single kafka replica (not HA, data loss risk)
│  ├─ ⚠️ Single zookeeper replica (not HA)
│  ├─ ❌ No storage configuration
│  ├─ ❌ No resource limits
│  ├─ ❌ No external access configured
│  └─ ❌ No entity operator configuration
├─ Priority: HIGH
└─ Documentation: See docs/values-yaml-recommendations.md

================================================================================
SECTION 7: NEXT STEPS & RECOMMENDATIONS
================================================================================

Immediate Actions (Phase 1.5-1.9):

1. PHASE 1.5: Prometheus Installation
   └─ Priority: HIGH - Foundation for monitoring
   └─ Recommendation: Apply enhancements from docs/values-yaml-recommendations.md
   └─ Expected Duration: ~90 seconds for pod to start

2. PHASE 1.6: Grafana Installation
   └─ Priority: HIGH - Visualization & dashboards
   └─ Recommendation: Configure Prometheus datasource automatically
   └─ Expected Duration: ~60 seconds for pod to start

3. PHASE 1.7: cert-manager Installation
   └─ Priority: CRITICAL - Required for Rancher TLS
   └─ Expected Duration: ~30 seconds for pods to start

4. PHASE 1.8: Kafka Strimzi Operator Installation
   └─ Priority: MEDIUM - Foundation for Kafka cluster
   └─ Expected Duration: ~60 seconds for pods to start

5. PHASE 1.9: Rancher Installation
   └─ Priority: MEDIUM - Cluster management UI
   └─ Note: Depends on cert-manager
   └─ Expected Duration: ~120 seconds for pods to start

Recommendation:
Run all enhancements as documented. For dev environment, minimum replicas are:
├─ Prometheus: 1 replica (acceptable for dev)
├─ Grafana: 1 replica (acceptable for dev)
├─ Kafka: 2 replicas (minimum for basic HA)
├─ Zookeeper: 2 replicas (minimum for basic HA)
└─ All with proper persistent storage & resource limits

================================================================================
SECTION 8: PORT ACCESS SUMMARY
================================================================================

Service Access Points (Post-Installation):

NGINX Ingress (Now Available):
├─ HTTP Ingress: http://localhost:8080
└─ HTTPS Ingress: https://localhost:8443

Prometheus (After Phase 1.5):
└─ URL: http://localhost:9090

Grafana (After Phase 1.6):
└─ URL: http://localhost:3000
└─ Default Credentials: admin/admin (CHANGE IN PHASE 1.6!)

Kafka (After Phases 1.8-1.9):
└─ External: localhost:9092

Rancher (After Phase 1.9):
└─ URL: https://localhost:9443

================================================================================
SECTION 9: COMPLETION CHECKLIST
================================================================================

Phase 1.4 Requirements:
├─ [✅] Helm repository registered (ingress-nginx)
├─ [✅] Chart pulled and extracted
├─ [✅] Deployment created in platform-system namespace
├─ [✅] Service configured with NotPort (30080, 30443)
├─ [✅] Controller pod running and ready
├─ [✅] Admission webhook pods running
├─ [✅] Ingress class created and set as default
├─ [✅] Port mappings verified against cluster-config
└─ [✅] All pods healthy

Overall Phase 1.4 Status: ✅ SUCCESSFULLY COMPLETED

================================================================================
SECTION 10: DOCUMENTATION GENERATED
================================================================================

New Documentation Created:
├─ docs/values-yaml-recommendations.md
│  ├─ Detailed analysis of all 5 components
│  ├─ Current vs. recommended configurations
│  ├─ Specific YAML enhancements for each component
│  ├─ Resource requirements and limits
│  ├─ Security recommendations
│  └─ Implementation priorities

Location: d:\Repos\platform-engineering-lab\docs\values-yaml-recommendations.md

Review this file before proceeding to Phases 1.5-1.9 for specific enhancement recommendations.

================================================================================
SECTION 11: TRAFFIC FLOW DIAGRAM (Post Phase 1.4)
================================================================================

Local Machine
    │
    ├─ http://localhost:8080
    │  └─ k3d-proxy (8080:30080) 
    │     └─ NGINX Ingress (port 30080)
    │        └─ Routes to configured Ingress resources
    │
    └─ https://localhost:8443
       └─ k3d-proxy (8443:30443)
          └─ NGINX Ingress (port 30443)
             └─ Routes to configured Ingress resources

NGINX Ingress is now the single entry point for all HTTP/HTTPS traffic to the cluster.

================================================================================
END OF STATUS CHECK
================================================================================
