================================================================================
PLATFORM CLUSTER PRE-INSTALLATION STATUS CHECK
================================================================================
Date: April 11, 2026
Time: 11:00:00 UTC
Check ID: status-check-20260411110000

================================================================================
SECTION 1: DOCKER STATUS
================================================================================
✅ Docker Daemon: RUNNING

Docker Containers (k3d Cluster):
├─ k3d-platform-cluster-server-0 (Kubernetes Control Plane)
│  └─ Image: rancher/k3s:v1.29.6-k3s1
│  └─ Status: Up 27 minutes
│  └─ CPU: 10.53%
│  └─ Memory: 469.9 MiB / 3.711 GiB (12.37%)
│
├─ k3d-platform-cluster-agent-0 (Worker Node)
│  └─ Image: rancher/k3s:v1.29.6-k3s1
│  └─ Status: Up 26 minutes
│  └─ CPU: 17.10%
│  └─ Memory: 140.7 MiB / 3.711 GiB (3.70%)
│
├─ k3d-platform-cluster-agent-1 (Worker Node)
│  └─ Image: rancher/k3s:v1.29.6-k3s1
│  └─ Status: Up 26 minutes
│  └─ CPU: 17.73%
│  └─ Memory: 148.1 MiB / 3.711 GiB (3.90%)
│
├─ k3d-platform-cluster-serverlb (Load Balancer/Proxy)
│  └─ Image: ghcr.io/k3d-io/k3d-proxy:5.8.3
│  └─ Status: Up 26 minutes
│  └─ CPU: 0.00%
│  └─ Memory: 25.33 MiB / 3.711 GiB (0.67%)
│  └─ Exposed Ports:
│     - 6550:6443 (kubeAPI)
│     - 8080:30080 (HTTP Ingress)
│     - 8443:30443 (HTTPS Ingress)
│     - 9092:30992 (Kafka)
│     - 3000:32044 (Grafana)
│     - 9090:32090 (Prometheus)
│     - 9443:30443 (Rancher)
│
└─ k3d-platform-cluster-tools
   └─ Image: ghcr.io/k3d-io/k3d-tools:5.8.3
   └─ Status: Up 27 minutes
   └─ CPU: 0.00%
   └─ Memory: 3.133 MiB / 3.711 GiB (0.08%)

================================================================================
SECTION 2: KUBERNETES CLUSTER STATUS
================================================================================
✅ Kubernetes Cluster: OPERATIONAL

Node Status Summary:
┌─────────────────────────────┬────────┬──────────────────────┬────────┐
│ Node Name                   │ Status │ Roles                │ Age    │
├─────────────────────────────┼────────┼──────────────────────┼────────┤
│ k3d-platform-cluster-server-0  │ Ready  │ control-plane,master │ 27m    │
│ k3d-platform-cluster-agent-0   │ Ready  │ (worker)             │ 27m    │
│ k3d-platform-cluster-agent-1   │ Ready  │ (worker)             │ 27m    │
└─────────────────────────────┴────────┴──────────────────────┴────────┘

Kubernetes Version: v1.29.6+k3s1
All Nodes Status: ✅ READY

================================================================================
SECTION 3: SYSTEM RESOURCES
================================================================================
Available Memory: ~3.3 GB free
Docker Memory Limit: 3.711 GiB
Current Memory Usage: ~788 MiB (combined all containers)
Memory Available for Components: ~2.9 GB ✅ SUFFICIENT

Status: ✅ RESOURCE CHECK PASSED

================================================================================
SECTION 4: KUBERNETES NAMESPACES
================================================================================
Existing Namespaces:
├─ default
├─ kube-node-lease
├─ kube-public
└─ kube-system

Required Namespaces NOT YET CREATED:
├─ platform-system (for NGINX, Prometheus, Grafana, Rancher, cert-manager)
├─ kafka (for Strimzi Kafka operator)
└─ data-platform (for data platform components)

Status: ⚠️  NAMESPACES NEED TO BE CREATED

================================================================================
SECTION 5: PREPARED HELM VALUES
================================================================================
✅ Helm values.yaml files verified and optimized:

platform/ingress/values.yaml
└─ Status: ✅ CORRECT
└─ NodePorts: HTTP 30080, HTTPS 30443

platform/observability/prometheus/values.yaml
└─ Status: ✅ CORRECTED
└─ NodePort: 32090 (synced with cluster-config)

platform/observability/grafana/values.yaml
└─ Status: ✅ CORRECTED
└─ NodePort: 32044 (synced with cluster-config)

platform/rancher/values.yaml
└─ Status: ✅ CORRECTED
└─ NodePort: 30443 (synced with cluster-config)

platform/kafka-strimzi/values.yaml
└─ Status: ✅ CORRECTED
└─ Port: 30992 (synced with cluster-config)

================================================================================
SECTION 6: PRE-INSTALLATION CHECK SUMMARY
================================================================================

Overall Status: ✅ CLUSTER READY FOR COMPONENT INSTALLATION

Checklist:
├─ [✅] Docker daemon running
├─ [✅] All 3 cluster nodes READY
├─ [✅] Kubernetes API accessible
├─ [✅] Sufficient system memory available
├─ [✅] Container resource usage normal
├─ [✅] All Helm values files optimized
├─ [⚠️] Namespaces need to be created
└─ [✅] Load balancer ports properly configured

================================================================================
SECTION 7: NEXT STEPS
================================================================================

PHASE 1.2: Create Namespaces
└─ Run: kubectl create namespace platform-system || true
└─ Run: kubectl create namespace kafka || true
└─ Run: kubectl create namespace data-platform || true

PHASE 1.3: Setup Helm Repositories
└─ Add ingress-nginx, prometheus-community, grafana, strimzi, rancher-latest, jetstack

PHASE 1.4-1.9: Install Components (Sequential)
├─ NGINX Ingress Controller
├─ Prometheus
├─ Grafana
├─ cert-manager
├─ Kafka Strimzi Operator
└─ Rancher

================================================================================
END OF STATUS CHECK
================================================================================
